hhahahahahah
hahahahhahah
hahahaha
lalalalala
